实验一：
29129@DESKTOP-FOL64BN MINGW64 ~ (master)
$ git clone https://github.com/mitergpt/sjtu-cs7354
Cloning into 'sjtu-cs7354'...
remote: Enumerating objects: 18, done.
remote: Counting objects: 100% (5/5), done.
remote: Compressing objects: 100% (4/4), done.
remote: Total 18 (delta 1), reused 2 (delta 1), pack-reused 13
Receiving objects: 100% (18/18), 5.88 KiB | 2.94 MiB/s, done.
Resolving deltas: 100% (1/1), done.

29129@DESKTOP-FOL64BN MINGW64 ~ (master)
$ cd sjtu-cs7354

29129@DESKTOP-FOL64BN MINGW64 ~/sjtu-cs7354 (main)
$ git checkout -b feature-newFunc
Switched to a new branch 'feature-newFunc'

29129@DESKTOP-FOL64BN MINGW64 ~/sjtu-cs7354 (feature-newFunc)
$ echo "2023-10-28: Started developing a new feature." >> mydiary/diary.txt

29129@DESKTOP-FOL64BN MINGW64 ~/sjtu-cs7354 (feature-newFunc)
$ git add mydiary/diary.txt

29129@DESKTOP-FOL64BN MINGW64 ~/sjtu-cs7354 (feature-newFunc)
$ git commit -m "Added diary entry for feature work"

29129@DESKTOP-FOL64BN MINGW64 ~/sjtu-cs7354 (feature-newFunc)
$ echo "2023-10-29: Continued work on the new feature." >> mydiary/diary.txt

29129@DESKTOP-FOL64BN MINGW64 ~/sjtu-cs7354 (feature-newFunc)
$ git add mydiary/diary.txt

29129@DESKTOP-FOL64BN MINGW64 ~/sjtu-cs7354 (feature-newFunc)
$ git commit -m "Added another diary entry for feature work"
[feature-newFunc b759506] Added another diary entry for feature work
 1 file changed, 1 insertion(+)

29129@DESKTOP-FOL64BN MINGW64 ~/sjtu-cs7354 (feature-newFunc)
$ git checkout main
Switched to branch 'main'
Your branch is up to date with 'origin/main'.

29129@DESKTOP-FOL64BN MINGW64 ~/sjtu-cs7354 (main)
$ git merge feature-newFunc
Updating 9717238..b759506
Fast-forward
 mydiary/diary.txt | 3 ++-
 1 file changed, 2 insertions(+), 1 deletion(-)


实验二：

29129@DESKTOP-FOL64BN MINGW64 ~/sjtu-cs7354 (main)
$ git checkout main
Already on 'main'
Your branch is ahead of 'origin/main' by 2 commits.
  (use "git push" to publish your local commits)

29129@DESKTOP-FOL64BN MINGW64 ~/sjtu-cs7354 (main)
$ git pull origin main
From https://github.com/mitergpt/sjtu-cs7354
 * branch            main       -> FETCH_HEAD
Already up to date.

29129@DESKTOP-FOL64BN MINGW64 ~/sjtu-cs7354 (main)
$ git cherry-pick <commit_sha>
bash: syntax error near unexpected token `newline'

29129@DESKTOP-FOL64BN MINGW64 ~/sjtu-cs7354 (main)
$ git log
commit b7595066bf6f3f617b687ac3fc997a93cefab8ea (HEAD -> main, feature-newFunc)
Author: mitergpt <2912935774@qq.com>
Date:   Sat Nov 4 18:43:20 2023 +0800

    Added another diary entry for feature work

commit dc537838841e925a7cc02cc3bcab5ccbf08eb3f3
Author: mitergpt <2912935774@qq.com>
Date:   Sat Nov 4 18:42:02 2023 +0800

    Added diary entry for feature work

commit 9717238295056b6ad4d76e9199324fd8d0c2d209 (origin/main, origin/HEAD)
Author: peri103 <yunruipei@163.com>
Date:   Sat Nov 4 15:25:16 2023 +0800

    Update README

commit bf1ad18e65b3924d4b41d87ce35ee166ba154dc8
Author: peri103 <yunruipei@163.com>
Date:   Wed Nov 1 20:46:54 2023 +0800

    Initial commit

29129@DESKTOP-FOL64BN MINGW64 ~/sjtu-cs7354 (main)
$ git checkout experiment
error: pathspec 'experiment' did not match any file(s) known to git

29129@DESKTOP-FOL64BN MINGW64 ~/sjtu-cs7354 (main)
$ git branch -a
  feature-newFunc
* main
  remotes/origin/HEAD -> origin/main
  remotes/origin/main

29129@DESKTOP-FOL64BN MINGW64 ~/sjtu-cs7354 (main)
$ git checkout experiment
error: pathspec 'experiment' did not match any file(s) known to git

29129@DESKTOP-FOL64BN MINGW64 ~/sjtu-cs7354 (main)
$ git checkout -b ^[[200~experiment
fatal: '?[200~experiment' is not a valid branch name

29129@DESKTOP-FOL64BN MINGW64 ~/sjtu-cs7354 (main)
$ git checkout experiment
error: pathspec 'experiment' did not match any file(s) known to git

29129@DESKTOP-FOL64BN MINGW64 ~/sjtu-cs7354 (main)
$  git checkout -b experiment
Switched to a new branch 'experiment'

29129@DESKTOP-FOL64BN MINGW64 ~/sjtu-cs7354 (experiment)
$ git add test/node.txt
fatal: pathspec 'test/node.txt' did not match any files

29129@DESKTOP-FOL64BN MINGW64 ~/sjtu-cs7354 (experiment)
$ cd tests

29129@DESKTOP-FOL64BN MINGW64 ~/sjtu-cs7354/tests (experiment)
$

29129@DESKTOP-FOL64BN MINGW64 ~/sjtu-cs7354/tests (experiment)
$ nano node.txt

29129@DESKTOP-FOL64BN MINGW64 ~/sjtu-cs7354/tests (experiment)
$ nano bode.txt

29129@DESKTOP-FOL64BN MINGW64 ~/sjtu-cs7354/tests (experiment)
$  nano node.txt

29129@DESKTOP-FOL64BN MINGW64 ~/sjtu-cs7354/tests (experiment)
$ cd ..

29129@DESKTOP-FOL64BN MINGW64 ~/sjtu-cs7354 (experiment)
$ git add tests
warning: in the working copy of 'tests/node.txt', LF will be replaced by CRLF the next time Git touches it

29129@DESKTOP-FOL64BN MINGW64 ~/sjtu-cs7354 (experiment)
$ git commmit -m “Added new approach details”
git: 'commmit' is not a git command. See 'git --help'.

The most similar command is
        commit

29129@DESKTOP-FOL64BN MINGW64 ~/sjtu-cs7354 (experiment)
$ git commit -m “Added new approach details”
error: pathspec 'new' did not match any file(s) known to git
error: pathspec 'approach' did not match any file(s) known to git
error: pathspec 'details”' did not match any file(s) known to git

29129@DESKTOP-FOL64BN MINGW64 ~/sjtu-cs7354 (experiment)
$ git commit -m "Added new approach details."
[experiment 3d3de90] Added new approach details.
 1 file changed, 2 insertions(+), 1 deletion(-)

29129@DESKTOP-FOL64BN MINGW64 ~/sjtu-cs7354 (experiment)
$ git log
commit 3d3de90b6229d83231e8e6b67b8c0c65267cf987 (HEAD -> experiment)
Author: mitergpt <2912935774@qq.com>
Date:   Sat Nov 4 19:13:03 2023 +0800

    Added new approach details.

commit b7595066bf6f3f617b687ac3fc997a93cefab8ea (main, feature-newFunc)
Author: mitergpt <2912935774@qq.com>
Date:   Sat Nov 4 18:43:20 2023 +0800

    Added another diary entry for feature work

commit dc537838841e925a7cc02cc3bcab5ccbf08eb3f3
Author: mitergpt <2912935774@qq.com>
Date:   Sat Nov 4 18:42:02 2023 +0800

    Added diary entry for feature work

commit 9717238295056b6ad4d76e9199324fd8d0c2d209 (origin/main, origin/HEAD)
Author: peri103 <yunruipei@163.com>
Date:   Sat Nov 4 15:25:16 2023 +0800

    Update README


29129@DESKTOP-FOL64BN MINGW64 ~/sjtu-cs7354 (experiment)
$ ^[[200~git checkout main
bash: $'\E[200~git': command not found

29129@DESKTOP-FOL64BN MINGW64 ~/sjtu-cs7354 (experiment)
$ git checkout main
Switched to branch 'main'
Your branch is ahead of 'origin/main' by 2 commits.
  (use "git push" to publish your local commits)

29129@DESKTOP-FOL64BN MINGW64 ~/sjtu-cs7354 (main)
$ git cherry-pick 3d3de90b6229d83231e8e6b67b8c0c65267cf987
[main ded2e8d] Added new approach details.
 Date: Sat Nov 4 19:13:03 2023 +0800
 1 file changed, 2 insertions(+), 1 deletion(-)

29129@DESKTOP-FOL64BN MINGW64 ~/sjtu-cs7354 (main)
$ git push origin main
Enumerating objects: 17, done.
Counting objects: 100% (17/17), done.
Delta compression using up to 16 threads
Compressing objects: 100% (9/9), done.
Writing objects: 100% (12/12), 1.01 KiB | 344.00 KiB/s, done.
Total 12 (delta 4), reused 0 (delta 0), pack-reused 0
remote: Resolving deltas: 100% (4/4), completed with 1 local object.
To https://github.com/mitergpt/sjtu-cs7354
   9717238..ded2e8d  main -> main



实验三：

29129@DESKTOP-FOL64BN MINGW64 ~ (master)
$ ^[[200~git branch
bash: $'\E[200~git': command not found

29129@DESKTOP-FOL64BN MINGW64 ~ (master)
$ git branch

29129@DESKTOP-FOL64BN MINGW64 ~ (master)
$ cd sjtu-cs7354

29129@DESKTOP-FOL64BN MINGW64 ~/sjtu-cs7354 (main)
$ git branch
  experiment
  feature-newFunc
* main

29129@DESKTOP-FOL64BN MINGW64 ~/sjtu-cs7354 (main)
$ git branch dev

29129@DESKTOP-FOL64BN MINGW64 ~/sjtu-cs7354 (main)
$ git checkout dev
Switched to branch 'dev'

29129@DESKTOP-FOL64BN MINGW64 ~/sjtu-cs7354 (dev)
$ git log
commit ded2e8de3c934e658880e3345eb3d294b4fd6d73 (HEAD -> dev, origin/main, origin/HEAD, main)
Author: mitergpt <2912935774@qq.com>
Date:   Sat Nov 4 19:13:03 2023 +0800

    Added new approach details.

commit b7595066bf6f3f617b687ac3fc997a93cefab8ea (feature-newFunc)
Author: mitergpt <2912935774@qq.com>
Date:   Sat Nov 4 18:43:20 2023 +0800

    Added another diary entry for feature work

commit dc537838841e925a7cc02cc3bcab5ccbf08eb3f3
Author: mitergpt <2912935774@qq.com>
Date:   Sat Nov 4 18:42:02 2023 +0800

    Added diary entry for feature work

commit 9717238295056b6ad4d76e9199324fd8d0c2d209
Author: peri103 <yunruipei@163.com>
Date:   Sat Nov 4 15:25:16 2023 +0800


29129@DESKTOP-FOL64BN MINGW64 ~/sjtu-cs7354 (dev)
$

29129@DESKTOP-FOL64BN MINGW64 ~/sjtu-cs7354 (dev)
$ cd backend

29129@DESKTOP-FOL64BN MINGW64 ~/sjtu-cs7354/backend (dev)
$ nano project.txt

29129@DESKTOP-FOL64BN MINGW64 ~/sjtu-cs7354/backend (dev)
$ git add project.txt
warning: in the working copy of 'backend/project.txt', LF will be replaced by CRLF the next time Git touches it

29129@DESKTOP-FOL64BN MINGW64 ~/sjtu-cs7354/backend (dev)
$ git commit -m "first change"
[dev 2324452] first change
 1 file changed, 2 insertions(+), 1 deletion(-)

29129@DESKTOP-FOL64BN MINGW64 ~/sjtu-cs7354/backend (dev)
$ nano project.txt

29129@DESKTOP-FOL64BN MINGW64 ~/sjtu-cs7354/backend (dev)
$ git add project.txt
warning: in the working copy of 'backend/project.txt', LF will be replaced by CRLF the next time Git touches it

29129@DESKTOP-FOL64BN MINGW64 ~/sjtu-cs7354/backend (dev)
$ git commit -m "second change"
[dev 41ac788] second change
 1 file changed, 1 insertion(+)

29129@DESKTOP-FOL64BN MINGW64 ~/sjtu-cs7354/backend (dev)
$ nano project.txt

29129@DESKTOP-FOL64BN MINGW64 ~/sjtu-cs7354/backend (dev)
$ git add project.txt
warning: in the working copy of 'backend/project.txt', LF will be replaced by CRLF the next time Git touches it

29129@DESKTOP-FOL64BN MINGW64 ~/sjtu-cs7354/backend (dev)
$ git commit -m "Some content was added repeatedly"
[dev 5215e31] Some content was added repeatedly
 1 file changed, 2 insertions(+)

29129@DESKTOP-FOL64BN MINGW64 ~/sjtu-cs7354/backend (dev)
$ nano project.txt

29129@DESKTOP-FOL64BN MINGW64 ~/sjtu-cs7354/backend (dev)
$ git add project.txt
warning: in the working copy of 'backend/project.txt', LF will be replaced by CRLF the next time Git touches it

29129@DESKTOP-FOL64BN MINGW64 ~/sjtu-cs7354/backend (dev)
$ git commit -m "Mistakenly added irrelevant content"
[dev aed2971] Mistakenly added irrelevant content
 1 file changed, 1 insertion(+), 1 deletion(-)

29129@DESKTOP-FOL64BN MINGW64 ~/sjtu-cs7354/backend (dev)
$ git reset --soft HEAD^

29129@DESKTOP-FOL64BN MINGW64 ~/sjtu-cs7354/backend (dev)
$ git reset --soft HEAD^

29129@DESKTOP-FOL64BN MINGW64 ~/sjtu-cs7354/backend (dev)
$ git add project.txt

29129@DESKTOP-FOL64BN MINGW64 ~/sjtu-cs7354/backend (dev)
$ git commit -m "Add new content"
[dev c6604c8] Add new content
 1 file changed, 2 insertions(+)

29129@DESKTOP-FOL64BN MINGW64 ~/sjtu-cs7354/backend (dev)
$ git push origin dev
Enumerating objects: 15, done.
Counting objects: 100% (15/15), done.
Delta compression using up to 16 threads
Compressing objects: 100% (8/8), done.
Writing objects: 100% (12/12), 934 bytes | 311.00 KiB/s, done.
Total 12 (delta 4), reused 0 (delta 0), pack-reused 0
remote: Resolving deltas: 100% (4/4), completed with 1 local object.
remote:
remote: Create a pull request for 'dev' on GitHub by visiting:
remote:      https://github.com/mitergpt/sjtu-cs7354/pull/new/dev
remote:
To https://github.com/mitergpt/sjtu-cs7354
 * [new branch]      dev -> dev



实验四：


29129@DESKTOP-FOL64BN MINGW64 ~ (master)
$ cd sjtu-cs7354

29129@DESKTOP-FOL64BN MINGW64 ~/sjtu-cs7354 (main)
$ git chekout feature-upload
git: 'chekout' is not a git command. See 'git --help'.

The most similar command is
        checkout

29129@DESKTOP-FOL64BN MINGW64 ~/sjtu-cs7354 (main)
$ git checkout feature-upload
Switched to branch 'feature-upload'
M       frontend/styles.css

29129@DESKTOP-FOL64BN MINGW64 ~/sjtu-cs7354 (feature-upload)
$ git checkout main
Switched to branch 'main'
M       frontend/styles.css
Your branch is ahead of 'origin/main' by 1 commit.
  (use "git push" to publish your local commits)

29129@DESKTOP-FOL64BN MINGW64 ~/sjtu-cs7354 (main)
$ cd frontend

29129@DESKTOP-FOL64BN MINGW64 ~/sjtu-cs7354/frontend (main)
$ nano styles.css

29129@DESKTOP-FOL64BN MINGW64 ~/sjtu-cs7354/frontend (main)
$ git add styles.css

29129@DESKTOP-FOL64BN MINGW64 ~/sjtu-cs7354/frontend (main)
$ git commit -m "styles.css"
On branch main
Your branch is ahead of 'origin/main' by 1 commit.
  (use "git push" to publish your local commits)

nothing to commit, working tree clean

29129@DESKTOP-FOL64BN MINGW64 ~/sjtu-cs7354/frontend (main)
$ git checkout feature-upload
Switched to branch 'feature-upload'

29129@DESKTOP-FOL64BN MINGW64 ~/sjtu-cs7354/frontend (feature-upload)
$ git diff main
diff --git a/frontend/styles.css b/frontend/styles.css
index 44c9a60..2a03b22 100644
--- a/frontend/styles.css
+++ b/frontend/styles.css
@@ -1,3 +1,3 @@
-body { font-family: 'Times New Roman';}
+body { font-family: trial;}

29129@DESKTOP-FOL64BN MINGW64 ~/sjtu-cs7354/frontend (feature-upload)
$ git checkout main
Switched to branch 'main'
M       frontend/styles.css
Your branch is ahead of 'origin/main' by 1 commit.
  (use "git push" to publish your local commits)

29129@DESKTOP-FOL64BN MINGW64 ~/sjtu-cs7354/frontend (main)
$ cd frontend

29129@DESKTOP-FOL64BN MINGW64 ~/sjtu-cs7354/frontend (main)
$ nano styles.css

29129@DESKTOP-FOL64BN MINGW64 ~/sjtu-cs7354/frontend (main)
$ git merge feature-upload
Already up to date.

29129@DESKTOP-FOL64BN MINGW64 ~/sjtu-cs7354/frontend (main)
$ git add styles.css

29129@DESKTOP-FOL64BN MINGW64 ~/sjtu-cs7354/frontend (main)
$ git commit -m "解决 feature-upload 分支合并冲突"
[main 791709b] 解决 feature-upload 分支合并冲突
 1 file changed, 1 insertion(+), 1 deletion(-)

实验五：

29129@DESKTOP-FOL64BN MINGW64 ~ (master)
$ cd sjtu-cs7354

29129@DESKTOP-FOL64BN MINGW64 ~/sjtu-cs7354 (documentation)
$ nano  INSTALL_GUIDE.md

29129@DESKTOP-FOL64BN MINGW64 ~/sjtu-cs7354 (documentation)
$ git add INSTALL_GUIDE.md
warning: in the working copy of 'INSTALL_GUIDE.md', LF will be replaced by CRLF the next time Git touches it

29129@DESKTOP-FOL64BN MINGW64 ~/sjtu-cs7354 (documentation)
$ git push -m "INSTALL_GUIDE.md _1"
error: unknown switch `m'
usage: git push [<options>] [<repository> [<refspec>...]]

    -v, --verbose         be more verbose
    -q, --quiet           be more quiet
    --repo <repository>   repository
    --all                 push all refs
    --mirror              mirror all refs
    -d, --delete          delete refs
    --tags                push tags (can't be used with --all or --mirror)
    -n, --dry-run         dry run
    --porcelain           machine-readable output
    -f, --force           force updates
    --force-with-lease[=<refname>:<expect>]
                          require old value of ref to be at this value
    --force-if-includes   require remote updates to be integrated locally
    --recurse-submodules (check|on-demand|no)
                          control recursive pushing of submodules
    --thin                use thin pack
    --receive-pack <receive-pack>
                          receive pack program
    --exec <receive-pack>
                          receive pack program
    -u, --set-upstream    set upstream for git pull/status
    --progress            force progress reporting
    --prune               prune locally removed refs
    --no-verify           bypass pre-push hook
    --follow-tags         push missing but relevant tags
    --signed[=(yes|no|if-asked)]
                          GPG sign the push
    --atomic              request atomic transaction on remote side
    -o, --push-option <server-specific>
                          option to transmit
    -4, --ipv4            use IPv4 addresses only
    -6, --ipv6            use IPv6 addresses only


29129@DESKTOP-FOL64BN MINGW64 ~/sjtu-cs7354 (documentation)
$ git commit -m "INSTALL_GUIDE.md _1"
On branch documentation
nothing to commit, working tree clean

29129@DESKTOP-FOL64BN MINGW64 ~/sjtu-cs7354 (documentation)
$ cd documentation

29129@DESKTOP-FOL64BN MINGW64 ~/sjtu-cs7354/documentation (documentation)
$ nano PROJECT_OVERVIEW.md

29129@DESKTOP-FOL64BN MINGW64 ~/sjtu-cs7354/documentation (documentation)
$ git add PROJECT_OVERVIEW.md

29129@DESKTOP-FOL64BN MINGW64 ~/sjtu-cs7354/documentation (documentation)
$ git commit -m "PROJECT_OVERVIEW.md _1"
On branch documentation
nothing to commit, working tree clean

29129@DESKTOP-FOL64BN MINGW64 ~/sjtu-cs7354/documentation (documentation)
$ cd ..

29129@DESKTOP-FOL64BN MINGW64 ~/sjtu-cs7354 (documentation)
$ nano CONTRIBUTING_GUIDE.md

29129@DESKTOP-FOL64BN MINGW64 ~/sjtu-cs7354 (documentation)
$ git add CONTRIBUTING_GUIDE.md

29129@DESKTOP-FOL64BN MINGW64 ~/sjtu-cs7354 (documentation)
$  git commit -m "CONTRIBUTING_GUIDE.md _1"
On branch documentation
nothing to commit, working tree clean

29129@DESKTOP-FOL64BN MINGW64 ~/sjtu-cs7354 (documentation)
$ cd documentation

29129@DESKTOP-FOL64BN MINGW64 ~/sjtu-cs7354/documentation (documentation)
$ nano PROJECT_OVERVIEW.md

29129@DESKTOP-FOL64BN MINGW64 ~/sjtu-cs7354/documentation (documentation)
$ git add PROJECT_OVERVIEW.md

29129@DESKTOP-FOL64BN MINGW64 ~/sjtu-cs7354/documentation (documentation)
$ git commit -m "PROJECT_OVERVIEW.md _2"
On branch documentation
nothing to commit, working tree clean

29129@DESKTOP-FOL64BN MINGW64 ~/sjtu-cs7354/documentation (documentation)
$ cd ..

error: invalid command 'pickd3a84d9'
error: invalid line 5: pickd3a84d9
You can fix this with 'git rebase --edit-todo' and then run 'git rebase --continue'.
Or you can abort the rebase with 'git rebase --abort'.

29129@DESKTOP-FOL64BN MINGW64 ~/sjtu-cs7354 (documentation|REBASE)
$ git rebase -i HEAD~4
fatal: It seems that there is already a rebase-merge directory, and
I wonder if you are in the middle of another rebase.  If that is the
case, please try
        git rebase (--continue | --abort | --skip)
If that is not the case, please
        rm -fr ".git/rebase-merge"
and run me again.  I am stopping in case you still have something
valuable there.


29129@DESKTOP-FOL64BN MINGW64 ~/sjtu-cs7354 (documentation|REBASE)
$ rm -fr ".git/rebase-merge"

29129@DESKTOP-FOL64BN MINGW64 ~/sjtu-cs7354 ((ded2e8d...))
$ git rebase -i HEAD~4
Successfully rebased and updated detached HEAD.

29129@DESKTOP-FOL64BN MINGW64 ~/sjtu-cs7354 ((ded2e8d...))
$ git log
commit ded2e8de3c934e658880e3345eb3d294b4fd6d73 (HEAD, origin/main, origin/HEAD)
Author: mitergpt <2912935774@qq.com>
Date:   Sat Nov 4 19:13:03 2023 +0800

    Added new approach details.

commit b7595066bf6f3f617b687ac3fc997a93cefab8ea (feature-newFunc)
Author: mitergpt <2912935774@qq.com>
Date:   Sat Nov 4 18:43:20 2023 +0800

    Added another diary entry for feature work

commit dc537838841e925a7cc02cc3bcab5ccbf08eb3f3
Author: mitergpt <2912935774@qq.com>
Date:   Sat Nov 4 18:42:02 2023 +0800

    Added diary entry for feature work

commit 9717238295056b6ad4d76e9199324fd8d0c2d209
Author: peri103 <yunruipei@163.com>
Date:   Sat Nov 4 15:25:16 2023 +0800
!
29129@DESKTOP-FOL64BN MINGW64 ~/sjtu-cs7354 ((ded2e8d...))
$ q!
bash: q!: command not found

29129@DESKTOP-FOL64BN MINGW64 ~/sjtu-cs7354 ((ded2e8d...))
$ cd ..

29129@DESKTOP-FOL64BN MINGW64 ~ (master)
$ cd  sjtu-cs7354

29129@DESKTOP-FOL64BN MINGW64 ~/sjtu-cs7354 ((ded2e8d...))
$ git checkout documentation
Previous HEAD position was ded2e8d Added new approach details.
Switched to branch 'documentation'

29129@DESKTOP-FOL64BN MINGW64 ~/sjtu-cs7354 (documentation)
$ git rebase -i HEAD~4
[detached HEAD a030edc] 解决 feature-upload 分支合并冲突
 Date: Sat Nov 4 22:12:49 2023 +0800
 2 files changed, 3 insertions(+), 2 deletions(-)
interactive rebase in progress; onto ded2e8d
Last commands done (5 commands done):
   pick 71e6bba CONTRIBUTING_GUIDE.md
   pick 71e6bba INSTALL_GUIDE.md
  (see more in file .git/rebase-merge/done)
No commands remaining.
You are currently rebasing branch 'documentation' on 'ded2e8d'.
  (all conflicts fixed: run "git rebase --continue")

nothing to commit, working tree clean
The previous cherry-pick is now empty, possibly due to conflict resolution.
If you wish to commit it anyway, use:

    git commit --allow-empty

Otherwise, please use 'git rebase --skip'
Could not apply 71e6bba... INSTALL_GUIDE.md

29129@DESKTOP-FOL64BN MINGW64 ~/sjtu-cs7354 (documentation|REBASE 5/5)
$ git rebase --continue
Successfully rebased and updated refs/heads/documentation.

29129@DESKTOP-FOL64BN MINGW64 ~/sjtu-cs7354 (documentation)
$ git merge main
Merge made by the 'ort' strategy.

29129@DESKTOP-FOL64BN MINGW64 ~/sjtu-cs7354 (documentation)
$ git merge main
Already up to date.

29129@DESKTOP-FOL64BN MINGW64 ~/sjtu-cs7354 (documentation)
$ git add INSTALL_GUIDE.md CONTRIBUTING_GUIDE.md

29129@DESKTOP-FOL64BN MINGW64 ~/sjtu-cs7354 (documentation)
$ git push -m "exchange !"
error: unknown switch `m'
usage: git push [<options>] [<repository> [<refspec>...]]

    -v, --verbose         be more verbose
    -q, --quiet           be more quiet
    --repo <repository>   repository
    --all                 push all refs
    --mirror              mirror all refs
    -d, --delete          delete refs
    --tags                push tags (can't be used with --all or --mirror)
    -n, --dry-run         dry run
    --porcelain           machine-readable output
    -f, --force           force updates
    --force-with-lease[=<refname>:<expect>]
                          require old value of ref to be at this value
    --force-if-includes   require remote updates to be integrated locally
    --recurse-submodules (check|on-demand|no)
                          control recursive pushing of submodules
    --thin                use thin pack
    --receive-pack <receive-pack>
                          receive pack program
    --exec <receive-pack>
                          receive pack program
    -u, --set-upstream    set upstream for git pull/status
    --progress            force progress reporting
    --prune               prune locally removed refs
    --no-verify           bypass pre-push hook
    --follow-tags         push missing but relevant tags
    --signed[=(yes|no|if-asked)]
                          GPG sign the push
    --atomic              request atomic transaction on remote side
    -o, --push-option <server-specific>
                          option to transmit
    -4, --ipv4            use IPv4 addresses only
    -6, --ipv6            use IPv6 addresses only


29129@DESKTOP-FOL64BN MINGW64 ~/sjtu-cs7354 (documentation)
$ git commit -m "Merge documentation branch into main"
On branch documentation
nothing to commit, working tree clean

29129@DESKTOP-FOL64BN MINGW64 ~/sjtu-cs7354 (documentation)
$ cd documentation

29129@DESKTOP-FOL64BN MINGW64 ~/sjtu-cs7354/documentation (documentation)
$ git add PROJECT_OVERVIEW.md

29129@DESKTOP-FOL64BN MINGW64 ~/sjtu-cs7354/documentation (documentation)
$ git commit -m "PROJECT_OVERVIEW.md..."
On branch documentation
nothing to commit, working tree clean

29129@DESKTOP-FOL64BN MINGW64 ~/sjtu-cs7354/documentation (documentation)
$ git push origin main
Enumerating objects: 11, done.
Counting objects: 100% (11/11), done.
Delta compression using up to 16 threads
Compressing objects: 100% (6/6), done.
Writing objects: 100% (8/8), 759 bytes | 253.00 KiB/s, done.
Total 8 (delta 2), reused 0 (delta 0), pack-reused 0
remote: Resolving deltas: 100% (2/2), completed with 1 local object.
To https://github.com/mitergpt/sjtu-cs7354
   ded2e8d..791709b  main -> main




